// Jest Snapshot v1, https://goo.gl/fbAQLP

exports[`render a userlist 1`] = `
<div
  className="container"
>
  <table
    className="table"
  >
    <thead>
      <tr>
        <th>
          Username
        </th>
      </tr>
    </thead>
    <tbody>
      <tr>
        <td>
          a
        </td>
      </tr>
    </tbody>
  </table>
</div>
`;
